2018-09-03 19:33:33  x     _filelist.lst                            ::           .  0  0000000000 
2011-06-23 10:05:52  x     delBak.bat                               ::           . 37  1661871524 
2018-08-25 13:39:06  x     index.html                               ::          6.501  1356031306 

============================== genRefl/ ===========================================================

============================== genRefl/Inspc/ ======================================================
2018-09-02 08:08:20  x     DataNode_Inspc.crefl                     ::          2.452  1727122537 
2018-08-26 12:35:19  x     FBaccess_Inspc.crefl                     ::           .155 -1463602750 
2018-08-26 12:35:19  x     FBaccess_Inspc_priv.crefl                ::          6.100 -1569166122 
2018-09-02 08:08:21  x     GetValue_Inspc.crefl                     ::          3.319 -0006269520 
2018-09-02 08:08:21  x     InputValues_Inspc.crefl                  ::          6.693 -0149119589 
2018-09-02 08:08:21  x     InspcTargetProxyTelg.crefl               ::         12.282  0774456168 
2018-09-02 08:08:21  x     InspcTargetTelg.crefl                    ::          4.097  1236512261 
2018-09-02 08:08:21  x     Service_Inspc.crefl                      ::          3.435  1767830985 
2018-09-02 08:08:21  x     TimeSignals_Inspc.crefl                  ::         19.093  1552012959 
2018-09-02 08:08:21  x     Wait_Inspc.crefl                         ::          3.586 -0871542792 

============================== genRefl/Ipc/ ========================================================
2018-08-28 22:42:25  x     InterProcessComm.crefl                   ::          9.559 -1708495282 
2018-08-28 22:42:25  x     InterProcessCommSocket.crefl             ::           .161 -1945907906 

============================== genRefl/Jc/ =========================================================
2018-08-28 22:42:18  x     AbstractListJc.crefl                     ::          4.556  0362918134 
2018-08-28 22:42:18  x     ArraysJc.crefl                           ::           .146 -1856643181 
2018-08-28 22:42:19  x     AssertJc.crefl                           ::           .146 -1352842813 
2018-08-28 22:42:19  x     CharsetJc.crefl                          ::          1.393  1762800485 
2018-08-28 22:42:19  x     ComparatorJc.crefl                       ::          2.417  0809748801 
2018-08-28 22:42:19  x     ConcurrentLinkedQueueJc.crefl            ::          6.678  0715022467 
2018-08-28 22:42:19  x     ConcurrentRingBufferJc.crefl             ::          9.929  1219625032 
2018-08-28 22:42:19  x     DateJc.crefl                             ::          9.111  1368727501 
2018-08-28 22:42:20  x     FileIoJc.crefl                           ::         17.869 -1601125731 
2018-08-28 22:42:20  x     FileSystemJc.crefl                       ::           .150 -0699492450 
2018-08-28 22:42:20  x     FormatterJc.crefl                        ::          2.934  0942721927 
2018-08-28 22:42:20  x     LinkedListJc.crefl                       ::          9.042  1158439427 
2018-08-28 22:42:20  x     ListIteratorJc.crefl                     ::           .152  0976582739 
2018-08-28 22:42:20  x     ListJc.crefl                             ::          4.558  1756077157 
2018-08-28 22:42:20  x     ListMapEntryJc.crefl                     ::          4.043 -0235350442 
2018-08-28 22:42:20  x     LocaleJc.crefl                           ::          2.706 -1927857079 
2018-08-28 22:42:20  x     MathJc.crefl                             ::           .144 -1201560135 
2018-08-28 22:42:21  x     ObjectJc.crefl                           ::         14.572 -0312330574 
2018-08-28 22:42:21  x     ObjectRefJc.crefl                        ::          1.916 -1087059039 
2018-08-28 22:42:21  x     OsWrapperJc.crefl                        ::          8.236 -0220714651 
2018-08-28 22:42:21  x     PrintStreamJc.crefl                      ::          2.919 -1446047058 
2018-08-28 22:42:22  x     ReflMemAccessJc.crefl                    ::         18.654 -2124216334 
2018-08-28 22:42:22  x     ReflectionJc.crefl                       ::         18.003  0220257237 
2018-08-28 22:42:22  x     StringBufferJc.crefl                     ::           .152  1814627920 
2018-08-28 22:42:24  x     StringJc.crefl                           ::          6.841 -1589930690 
2018-08-28 22:42:24  x     StringJc_intern.crefl                    ::           .153  0343836153 
2018-08-28 22:42:24  x     SystemJc.crefl                           ::          2.353  0471764126 
2018-08-28 22:42:24  x     ThreadJc.crefl                           ::          9.935 -1456799537 
2018-08-28 22:42:24  x     TimeZoneJc.crefl                         ::          3.221 -0488932704 

============================== genRefl/OSAL/ =======================================================
2018-08-28 22:42:25  x     os_file.crefl                            ::          7.070  0533003193 
2018-08-28 22:42:26  x     os_sharedmem.crefl                       ::          3.119  0467152209 
2018-08-28 22:42:26  x     os_socket.crefl                          ::         11.903  1318866576 

============================== genRefl/emC/ ========================================================
2018-08-28 22:42:15  x     Event_emC.crefl                          ::          7.923  1979637592 
2018-08-28 22:42:15  x     ExcThCxtBase_emC.crefl                   ::          7.686 -1945129221 
2018-08-28 22:42:15  x     Formatter_emC.crefl                      ::          9.451 -1600304589 
2018-08-26 10:27:30  x     Handle_ptr64_emC.crefl                   ::          7.839  0130631199 
2018-08-28 22:42:16  x     LogMessage_emC.crefl                     ::          1.641  1905923059 
2018-08-28 22:42:16  x     MemC_emC.crefl                           ::           .147 -0190689615 
2018-08-28 22:42:17  x     Object_emC.crefl                         ::         34.223  2092404389 
2018-08-28 22:42:17  x     Readline_emC.crefl                       ::          3.190 -2064744026 
2018-08-28 22:42:17  x     SimpleC_emC.crefl                        ::          7.482 -1892405779 
2018-08-26 10:27:32  x     Simulink_emC.crefl                       ::           .151  1181127349 
2018-08-28 22:42:17  x     StateMachine_emC.crefl                   ::           .155 -2139325684 
2018-08-28 22:42:18  x     String_emC.crefl                         ::          5.550  0092060679 
2018-08-28 22:42:18  x     Time_emC.crefl                           ::          2.163  0318451804 
2018-08-28 22:42:18  x     Timeconversions_emC.crefl                ::          3.757 -1242436183 
2018-08-28 22:42:18  x     VaArgBuffer_emC.crefl                    ::          3.233  0258933930 
2018-08-28 22:42:18  x     Va_list_emC.crefl                        ::          1.789  2067052725 

============================== incApplSpecific/ ===================================================
2017-07-09 20:33:12  x     readme.txt                               ::           .402  1809363911 

============================== incApplSpecific/ExcHandling_Printf/ =================================
2018-08-26 10:46:48  x     BlockHeap_PlatformSpec.h                 ::          5.287 -0835078690 
2018-08-26 11:09:20  x     applstdef_emC.h                          ::          4.454  1614955217 
2018-08-09 11:12:18  x     fw_Platform_conventions.h                ::          8.643 -0450209537 
2018-08-24 09:55:23  x     fw_assert.h                              ::          1.061  0910061560 
2017-04-07 23:34:18  x     readme.txt                               ::           .472 -1313518612 

============================== incApplSpecific/FwConvBlockheap/ ====================================
2018-08-26 10:46:48  x     BlockHeap_PlatformSpec.h                 ::          5.287 -0835078690 
2018-08-26 11:06:25  x     applstdef_emC.h                          ::          4.449 -0219476352 
2018-08-09 11:12:18  x     fw_Platform_conventions.h                ::          8.716 -0381616730 
2018-08-05 10:47:21  x     os_types_def.h                           ::           .118 -1344087178 
2017-12-10 18:13:42  x     rtw_continuous.h                         ::           .  0  0000000000 
2017-12-10 18:16:30  x     rtw_solver.h                             ::           .  0  0000000000 

============================== incApplSpecific/FwConvC32_NoExc/ ====================================
2018-08-26 11:01:18  x     applstdef_emC.h                          ::          3.631  0058003883 

============================== incApplSpecific/FwConvSimpleAlloc/ ==================================
2018-08-26 10:46:48  x     BlockHeap_PlatformSpec.h                 ::          5.287 -0835078690 
2018-08-09 09:24:04  x     ObjectRefJc_PlatformSpec.h               ::          2.788 -0943201707 
2018-08-26 11:05:52  x     applstdef_emC.h                          ::          4.445  0763477062 

============================== incApplSpecific/FwConv_Blockheap/ ===================================
2018-08-26 10:46:48  x     BlockHeap_PlatformSpec.h                 ::          5.287 -0835078690 
2018-08-26 11:08:46  x     applstdef_emC.h                          ::          4.800 -1164878927 
2018-08-24 09:55:23  x     fw_assert.h                              ::          1.103 -1733691848 
2018-08-05 10:47:21  x     os_types_def.h                           ::           .118 -1344087178 

============================== incApplSpecific/TagetNumericSimple/ =================================
2018-08-26 10:46:48  x     applstdef_emC.h                          ::          5.029  1338790752 
2017-04-08 00:30:38  x     readme.txt                               ::           .322 -0175520527 
2017-12-10 18:13:42  x     rtw_continuous.h                         ::           .  0  0000000000 
2017-12-10 18:16:30  x     rtw_solver.h                             ::           .  0  0000000000 

============================== incApplSpecific/ThreadContextNo/ ====================================
2018-08-09 18:47:11  x     ThreadContextNo.h                        ::           .882  1772831574 

============================== incApplSpecific/applC32_emC/ ========================================
2018-08-26 10:46:48  x     BlockHeap_PlatformSpec.h                 ::          5.287 -0835078690 
2018-08-26 11:02:46  x     applstdef_emC.h                          ::          4.447  1513934861 
2018-08-09 11:12:18  x     fw_Platform_conventions.h                ::          8.716 -0381616730 

============================== incApplSpecific/applConv/ ===========================================
2018-08-09 09:24:04  x     EnhanceRef_Blockheap.h                   ::          6.422  0079802088 
2017-10-16 21:56:16  x     EnhanceRef_simple.h                      ::          1.681 -1026307728 
2018-08-24 12:34:58  x     ExcNoStringStacktrcNo_emC.c              ::          1.005  0665006605 
2018-08-24 11:37:09  x     ExcNoStringStacktrcNo_emC.h              ::          6.769 -0562222164 
2018-08-24 09:55:23  x     ExcStacktrcNo_emC.h                      ::          6.354  0626008452 
2018-08-22 17:41:57  x     ObjectJc_simple.h                        ::          7.094  2132160426 
2018-08-24 11:37:58  x     assert_THROW.h                           ::          1.899 -0926231312 
2018-08-24 09:55:23  x     assert_ignore.h                          ::           .807 -0022205601 
2018-08-24 09:55:23  x     assert_simpleStop.h                      ::          1.422  0614943671 
2018-08-12 10:40:25  x     definePrintFileMakros.h                  ::          2.041 -0516454558 
2017-03-19 19:58:36  x     definePrintfMakros.h                     ::           .264 -0950157231 
2017-10-12 08:20:18  x     definePrintfMakrosEmpty.h                ::           .430 -1994333079 
2018-08-05 10:47:22  x     readme.txt                               ::           .322  0964359429 

============================== incApplSpecific/applCpp32_emC/ ======================================
2018-08-26 10:46:48  x     BlockHeap_PlatformSpec.h                 ::          5.287 -0835078690 
2018-08-26 10:58:52  x     applstdef_emC.h                          ::          3.425 -1200463579 
2018-08-09 09:24:04  x     fw_Platform_conventions.h                ::          7.484  1206090134 
2018-08-24 09:55:23  x     fw_assert.h                              ::          1.103 -1733691848 

============================== incApplSpecific/stdef_SmlkAccelerator/ ==============================
2018-08-26 11:05:19  x     applstdef_emC.h                          ::          3.803 -0754436231 

============================== incApplSpecific/stdef_SmlkSfunc/ ====================================
2018-08-26 11:04:43  x     applstdef_emC.h                          ::          4.002  1287983357 
2013-12-18 09:37:54  x     platform_msgDisp.h                       ::           .407 -1434852521 

============================== incApplSpecific/stdef_SmlkSfuncExcH/ ================================
2018-08-26 11:03:47  x     applstdef_emC.h                          ::          3.838  0480631758 

============================== incComplSpecific/ ==================================================
2017-07-09 20:29:47  x     readme.txt                               ::           .189 -0767025066 

============================== incComplSpecific/cc_Gcc/ ============================================
2008-02-13 15:07:56  x     alignbyt.h                               ::           .371  1250077826 
2008-02-13 15:07:56  x     alignopt.h                               ::           .367 -0499917233 
2018-08-09 11:12:18  x     compl_adaption.h                         ::         10.365 -1822322120 

============================== incComplSpecific/cc_Msc15_32bit/ ====================================
2018-08-24 22:55:37  x     compl_adaption.h                         ::         14.425  0645126878 

============================== incComplSpecific/cc_Msc15_smlk32bit/ ================================
2018-09-03 10:05:46  x     compl_adaption.h                         ::         17.462 -1096046919 

============================== incComplSpecific/cc_Msc6/ ===========================================
2018-08-19 08:54:15  x     compl_adaption.h                         ::         15.969 -2039611928 
2018-08-05 10:47:22  x     os_types_def.h                           ::           . 27 -1320603184 

============================== incComplSpecific/cc_Msc6_smlk/ ======================================
2018-08-19 08:54:42  x     compl_adaption.h                         ::         16.320 -1162694959 
2018-07-29 11:53:36  x     readme.txt                               ::           .609  0715947252 

============================== incComplSpecific/cc_SmlkSfunc/ ======================================
2018-08-10 19:45:03  x     compl_adaption.h                         ::         14.842 -0056818255 
2018-08-09 09:24:04  x     fw_Platform_conventions.h                ::          8.549  0953342098 
2018-08-05 10:47:22  x     os_types_def.h                           ::           . 27 -1320603184 
2017-04-11 12:11:45  x     rtGetInf.c                               ::          2.283  1360950022 
2017-04-11 12:11:45  x     rtGetInf.h                               ::           .939 -0913431205 
2017-04-11 12:11:45  x     rtGetNaN.c                               ::          1.503  1575481268 
2017-04-11 12:11:45  x     rtGetNaN.h                               ::           .864  0329683283 
2017-02-22 20:00:32  x     rt_defines.h                             ::          1.610 -1344598410 
2017-04-11 12:11:45  x     rt_nonfinite.c                           ::          1.842 -0628672785 
2017-04-11 12:11:45  x     rt_nonfinite.h                           ::          1.486 -0336952171 
2017-02-24 20:54:10  x     rtwtypes.h                               ::          4.521  0121822218 
2015-12-28 12:03:48  x     tmwtypes.h                               ::         21.583  0512906331 

============================== incComplSpecific/cc_TI430_TI/ =======================================
2018-08-23 13:13:56  x     compl_adaption.h                         ::         13.780  1480559207 

============================== incComplSpecific/cc_smlkMsc6/ =======================================
2018-08-19 09:22:11  x     compl_adaption.h                         ::         16.324 -1490171954 
2018-08-05 10:47:22  x     os_types_def.h                           ::           . 27 -1320603184 

============================== incComplSpecific/smlk_32bit/ ========================================
2018-07-29 09:23:41  x     readme.txt                               ::           .207  0147137560 
2018-07-29 09:27:19  x     rtGetInf.c                               ::          2.277 -1212244410 
2018-07-29 09:27:40  x     rtGetInf.h                               ::           .934  2013540876 
2018-07-29 09:29:05  x     rtGetNaN.c                               ::          1.497 -1339160435 
2018-07-29 09:29:23  x     rtGetNaN.h                               ::           .858 -1332211587 
2018-07-29 09:25:06  x     rt_defines.h                             ::          1.597  1328916370 
2018-07-29 09:25:40  x     rt_nonfinite.c                           ::          1.836 -1872863616 
2018-07-29 09:26:26  x     rt_nonfinite.h                           ::          1.480  0084480261 
2018-07-29 09:30:35  x     rtwtypes.h                               ::          4.508 -1470378434 
2017-03-10 11:28:06  x     sysreg.h                                 ::           . 95  0466745133 
2015-12-28 12:03:48  x     tmwtypes.h                               ::         21.583  0512906331 

============================== incComplSpecific/stdincl_dummy/ =====================================
2017-09-02 08:27:42  x     Winbase.h                                ::           .  0  0000000000 
2017-08-30 14:37:09  x     io.h                                     ::           .  0  0000000000 
2017-08-30 14:35:48  x     readme.txt                               ::           .164 -0760344694 
2017-08-30 14:37:23  x     setjmp.h                                 ::           .  0  0000000000 
2017-08-30 14:36:20  x     stdarg.h                                 ::           .  0  0000000000 
2017-08-30 14:36:28  x     stdio.h                                  ::           .  0  0000000000 
2017-08-30 14:36:38  x     stdlib.h                                 ::           .  0  0000000000 
2017-08-30 14:36:52  x     string.h                                 ::           .  0  0000000000 
2017-09-02 08:28:12  x     windows.h                                ::           .  0  0000000000 
2017-09-02 08:27:14  x     wtypes.h                                 ::           .  0  0000000000 

============================== incComplSpecific/stdincl_dummy/sys/ =================================
2017-09-02 08:29:05  x     stat.h                                   ::           .  0  0000000000 

============================== make/ ==============================================================
2012-12-25 20:32:08  x     CRuntimeJavalike.deps.txt                ::        425.984  1784300945 
2016-10-09 22:09:56  x     Inspc.java2c.bat                         ::           .518 -1007095929 
2016-10-09 22:13:19  x     Inspc.java2c.cfg                         ::          2.823 -1024869760 
2012-04-13 18:28:10  x     Inspc.java2c.sh                          ::          1.209 -0516968558 
2016-06-18 20:42:35  x     J1c.java2c.bat                           ::           .331  0614336241 
2016-10-11 22:50:45  x     J1c.java2c.cfg                           ::          3.784 -0550002110 
2012-04-13 18:26:36  x     J1c.java2c.sh                            ::          1.627  2001162544 
2017-01-22 09:18:21  x     ReflectionJc.ctr                         ::          1.654 -0640801427 
2017-08-31 00:16:37  x     cfgCheckDeps.cfg                         ::           .174 -1173361395 
2009-06-18 09:06:59  x     delGenerates.bat                         ::           .242 -0494606615 
2014-01-11 22:43:36  x     del_J1c.bat                              ::           .177 -1923475317 
2018-09-02 08:07:49  x     genRefl_Inspc.jz.cmd                     ::           .670  0315766647 
2018-08-28 22:41:25  x     genRefl_emC.jz.cmd                       ::           .800  0806340199 
2017-09-29 11:53:06  x     genXmi13.jz.bat                          ::           .731 -1155891404 
2011-05-04 18:09:58  x     genreflection_BlockHeap.bat              ::           .551 -0514638612 
2015-06-17 13:47:49  x     genreflection_Inspc.bat                  ::          1.091 -1340924672 
2015-06-11 12:30:10  x     genreflection_Ipc.bat                    ::          1.072 -1438601505 
2016-07-24 22:27:19  x     genreflection_Jc.bat                     ::          2.199  0086701940 
2016-05-23 23:38:30  x     genreflection_OSAL.bat                   ::          1.361 -0870587203 
2012-02-22 12:01:26  x     genreflection_OSAL.sh                    ::          1.095  0078995232 
2017-04-13 22:08:53  x     genreflection_fw_Exception.bat           ::           .970 -1023318814 
2018-08-19 09:23:12  x     zmake_CRJ_FwConvC32.msc6.lib.bat         ::          3.103 -0536947392 
2018-08-19 09:25:14  x     zmake_lib32pp_Msc6.bat                   ::          2.894  0882086888 

============================== make/JZtxtcmd/ ======================================================
2017-11-18 22:34:44  x     Msc.zmake.jztc                           ::          4.271 -0698831289 
2018-08-19 09:24:15  x     Msc6.zmake.jztc                          ::          3.795  1217183381 
2018-08-19 09:24:15  x     TI430_TI.zmake.jztc                      ::          3.795  1217183381 

============================== source/ ============================================================

============================== source/BlockHeap/ ===================================================
2018-08-26 10:47:16  x     BlockHeapJc_Alloc.c                      ::         30.544  0294424215 
2018-08-26 10:46:48  x     BlockHeapJc_GarbageCol.c                 ::         18.166  0788164899 
2018-08-26 10:47:16  x     BlockHeapJc_References.c                 ::         15.834  2078380587 
2018-08-11 23:14:42  x     BlockHeapJc_admin.h                      ::          6.239  0903168779 
2018-08-09 09:24:04  x     BlockHeapJc_internal.h                   ::         12.817 -1684185024 
2018-08-26 10:47:16  x     BlockHeapNoButDynCall.c                  ::          3.520  1251111515 
2018-08-09 09:24:04  x     BlockHeap_emC.h                          ::          8.378 -1825112384 
2018-08-09 09:24:04  x     Reflection_BlockHeap.c                   ::         20.349 -1860876509 
2018-08-09 09:24:04  x     Reflection_BlockHeap.h                   ::           .866 -0840156238 

============================== source/Inspc/ =======================================================
2018-08-28 22:50:17  x     DataNode_Inspc.c                         ::          4.478  1824661495 
2018-08-10 20:04:35  x     DataNode_Inspc.h                         ::          4.425  1053880353 
2018-08-10 20:16:04  x     GetValue_Inspc.c                         ::          2.388  0463723479 
2018-08-05 10:47:22  x     GetValue_Inspc.h                         ::          1.049  1696480978 
2018-08-28 17:57:24  x     InputValues_Inspc.c                      ::         11.584  0676407444 
2018-08-10 20:13:48  x     InputValues_Inspc.h                      ::          2.814 -1732308516 
2018-09-02 08:14:58  x     InspcTargetProxyComm_SharedMem.c         ::          4.131  2104613067 
2018-09-03 09:27:56  x     InspcTargetProxyTarget.c                 ::          8.371 -1368629122 
2016-10-29 10:36:51  x     InspcTargetProxyTelg.c                   ::           .  0  0000000000 
2018-09-03 09:25:48  x     InspcTargetProxyTelg.h                   ::          9.538 -0163789308 
2018-09-01 21:46:34  x     InspcTargetTelg.h                        ::          1.658  0135454311 
2018-08-09 11:12:18  x     Service_Inspc.c                          ::          1.526  0755060908 
2018-08-10 20:15:37  x     Service_Inspc.h                          ::          1.414 -0429915642 
2018-08-28 17:57:13  x     TimeSignals_Inspc.c                      ::         20.504  0287344119 
2018-08-10 20:13:57  x     TimeSignals_Inspc.h                      ::          6.867 -1908447601 
2018-08-28 17:56:54  x     Wait_Inspc.c                             ::          1.938  1362513199 
2018-08-10 20:13:48  x     Wait_Inspc.h                             ::          1.356 -2086830458 

============================== source/Inspc/##/ ====================================================
2018-08-28 17:43:16  x     FBaccessNode_Inspc.c                     ::           .434  0814185602 
2017-09-10 19:46:04  x     FBaccess_Inspc.c                         ::          3.161 -1768255733 
2018-08-05 10:47:22  x     FBaccess_Inspc.h                         ::          3.372  1121785726 
2018-08-10 20:04:35  x     FBaccess_Inspc_priv.h                    ::           .621 -1740501058 

============================== source/InspcJ2c/ ====================================================
2018-08-26 10:46:48  x     AnswerComm_ifc_Inspc.c                   ::          1.724 -1007595384 
2018-08-26 10:44:19  x     AnswerComm_ifc_Inspc.h                   ::          3.168  1071265437 
2018-08-26 10:47:16  x     ClassContent_Inspc.c                     ::         79.051  1976085664 
2018-08-26 10:44:08  x     ClassContent_Inspc.h                     ::         16.736 -1978418678 
2018-08-26 10:46:48  x     CmdConsumer_ifc_Inspc.c                  ::          2.397  0092638857 
2018-08-26 10:47:16  x     CmdConsumer_ifc_Inspc.h                  ::          5.271  1135867896 
2018-08-26 10:46:48  x     CmdExecuter_Inspc.c                      ::         21.387  2067548993 
2018-08-26 10:47:16  x     CmdExecuter_Inspc.h                      ::          7.261  0490680015 
2018-08-26 10:47:16  x     Comm_Inspc.c                             ::         18.846  0405165978 
2018-08-26 10:47:16  x     Comm_Inspc.h                             ::          6.355 -0362122595 
2011-02-06 09:11:12  x     ExampleInspector_Inspc.cxxx              ::         20.943 -1684318505 
2018-08-26 10:47:16  x     ExampleInspector_Inspc.h                 ::          8.496 -0074395299 
2018-08-26 10:46:48  x     InspcDataExchangeAccess_Inspc.c          ::         41.829  1684694255 
2018-08-26 10:47:16  x     InspcDataExchangeAccess_Inspc.h          ::         41.009 -1984063182 
2018-08-26 10:46:48  x     InspcDataInfo_Inspc.c                    ::          6.802 -1858758269 
2018-08-26 10:47:16  x     InspcDataInfo_Inspc.h                    ::          3.967 -1333034200 
2018-08-26 10:46:48  x     Inspector_Inspc.c                        ::          9.148  1371888036 
2018-08-26 10:47:16  x     Inspector_Inspc.h                        ::          6.330 -1536693936 
2018-08-26 10:46:48  x     SearchElement_Inspc.c                    ::         14.850  0872029456 
2018-08-26 10:47:16  x     SearchElement_Inspc.h                    ::          6.395 -1719202769 
2018-08-26 10:46:48  x     WorkingThread_Inspc.c                    ::         24.752  0163716811 
2018-08-26 10:47:16  x     WorkingThread_Inspc.h                    ::         14.415 -0129047814 

============================== source/Ipc/ =========================================================
2018-03-04 17:40:05  x     InterProcessComm.c                       ::          5.677  1579477768 
2018-08-26 10:46:48  x     InterProcessComm.h                       ::         29.692  1102689187 
2018-08-10 23:59:13  x     InterProcessCommSharedMem.c              ::         20.325  0543901052 
2018-08-10 23:58:18  x     InterProcessCommSocket.c                 ::         39.976  0702095619 
2018-08-10 20:02:18  x     InterProcessCommSocket.h                 ::          3.969  1739562167 

============================== source/Ipc2c/ =======================================================
2018-08-26 10:46:48  x     InterProcessCommFactorySocket_Ipc.c      ::         14.970 -1569534264 
2018-08-26 10:47:16  x     InterProcessCommFactorySocket_Ipc.h      ::          8.660 -1568005695 
2018-08-26 10:46:48  x     InterProcessCommRxExec_Ipc.c             ::          5.160 -1723471636 
2018-08-26 10:47:16  x     InterProcessCommRxExec_Ipc.h             ::          4.366  0726932186 
2018-08-26 10:47:16  x     InterProcessCommRxThread_Ipc.c           ::         27.002  0644065641 
2018-08-26 10:47:16  x     InterProcessCommRxThread_Ipc.h           ::         11.500 -0028754517 
2018-08-26 10:46:48  x     InterProcessCommRx_ifc_Ipc.c             ::          4.565 -1497236555 
2018-08-26 10:47:16  x     InterProcessCommRx_ifc_Ipc.h             ::          4.840  0437371880 

============================== source/J1c/ =========================================================
2018-08-26 10:46:48  x     ByteDataAccessBaseJc.c                   ::         68.957  0403702933 
2018-08-26 10:47:16  x     ByteDataAccessBaseJc.h                   ::         50.855  0778353204 
2018-08-26 10:46:48  x     InfoFormattedAppendJc.c                  ::          6.273  1480014599 
2018-08-26 10:47:16  x     InfoFormattedAppendJc.h                  ::          6.014  2105026121 
2018-08-26 10:46:48  x     LeapSecondsJc.c                          ::         16.977  1354570129 
2018-08-26 10:47:16  x     LeapSecondsJc.h                          ::          5.185 -0578066222 
2018-08-26 10:46:48  x     SpecialCharStringsJc.c                   ::          6.539  1531067720 
2018-08-26 10:47:16  x     SpecialCharStringsJc.h                   ::          4.580  1346175642 
2018-08-26 10:46:48  x     StringFormatterJc.c                      ::         71.510 -0934092895 
2018-08-26 10:47:16  x     StringFormatterJc.h                      ::         27.642  0113842632 
2018-08-26 10:46:48  x     StringFunctionsJc.c                      ::         42.705 -1885676600 
2018-08-26 10:47:16  x     StringFunctionsJc.h                      ::         21.359  1864141887 
2018-08-26 10:46:48  x     StringFunctions_BJc.c                    ::         11.485 -0848802712 
2018-08-26 10:47:16  x     StringFunctions_BJc.h                    ::          4.208  1077319335 
2018-08-26 10:46:48  x     StringFunctions_CJc.c                    ::         12.324 -0418241135 
2018-08-26 10:47:16  x     StringFunctions_CJc.h                    ::          6.439 -1332605656 
2018-08-26 10:46:48  x     StringPartJc.c                           ::        104.477 -2092424548 
2018-08-26 10:47:16  x     StringPartJc.h                           ::         67.627 -0689199818 
2018-08-26 10:46:48  x     StringPartScanJc.c                       ::         38.278 -0082770391 
2018-08-26 10:47:16  x     StringPartScanJc.h                       ::         16.903 -0658106799 

============================== source/Jc/ ==========================================================
2018-08-10 22:15:19  x     AbstractListJc.h                         ::          4.234 -1578411127 
2018-08-24 09:55:23  x     ArraysJc.c                               ::          7.109  0350768360 
2016-10-11 23:02:14  x     ArraysJc.h                               ::          4.642  1875326480 
2017-05-25 22:37:08  x     AssertJc.c                               ::           .243  0801912538 
2018-08-26 10:48:52  x     AssertJc.h                               ::           .521 -0637630103 
2018-01-14 16:15:55  x     CharsetJc.c                              ::           .240 -1629586356 
2018-08-05 10:47:22  x     CharsetJc.h                              ::           .370  1840882582 
2011-01-28 21:36:52  x     ComparatorJc.h                           ::          4.642 -0873870564 
2018-08-26 10:47:16  x     ConcurrentLinkedQueueJc.c                ::         27.956 -0546100002 
2018-08-12 01:17:27  x     ConcurrentLinkedQueueJc.h                ::          9.469  1856811203 
2018-08-26 10:46:48  x     ConcurrentRingBufferJc.c                 ::         15.888 -2076594890 
2018-08-10 20:02:18  x     ConcurrentRingBufferJc.h                 ::          6.867  1366404555 
2018-08-26 10:47:16  x     DateJc.c                                 ::          9.703  0935622677 
2018-08-12 01:18:09  x     DateJc.h                                 ::         12.900 -0123173717 
2018-08-26 10:46:56  x     FileIoJc.c                               ::         14.200  0066544610 
2018-08-25 10:55:32  x     FileIoJc.h                               ::         10.632  0371776222 
2018-08-08 22:58:04  x     FileSystemJc.c                           ::          3.106 -0271692917 
2018-08-10 20:02:18  x     FileSystemJc.h                           ::          2.207  1308880585 
2018-08-26 10:46:48  x     FormatterJc.c                            ::          3.965 -1377937512 
2018-08-10 21:57:54  x     FormatterJc.h                            ::          3.123  0290462738 
2018-08-24 09:40:37  x     LinkedListJc.c                           ::         16.372 -1301082018 
2018-08-26 10:47:16  x     LinkedListJc.h                           ::         10.242  1748020905 
2009-01-04 13:06:30  x     ListIteratorJc.h                         ::          2.912  0569623658 
2018-08-26 10:47:16  x     ListJc.h                                 ::          5.062 -0557535551 
2018-08-09 09:24:04  x     ListMapEntryJc.h                         ::          8.001  0898997116 
2018-01-14 16:06:56  x     LocaleJc.c                               ::          1.901  0113427777 
2018-08-12 01:19:05  x     LocaleJc.h                               ::          2.922 -1670182258 
2018-08-26 10:47:16  x     MathJc.c                                 ::          2.297  2086781314 
2017-02-19 21:47:16  x     MathJc.h                                 ::          2.287 -0707976927 
2018-08-26 10:47:16  x     ObjectJc.c                               ::         22.088 -1031530555 
2018-08-26 10:47:16  x     ObjectJc.h                               ::         41.520 -1610007109 
2017-04-02 11:20:38  x     ObjectRefJc.h                            ::           .304 -0432610992 
2018-08-26 10:46:56  x     OsWrapperJc.c                            ::         11.731  1805343608 
2018-08-26 10:46:48  x     OsWrapperJc.h                            ::          5.020  1781181735 
2018-08-26 10:47:23  x     PrintStreamJc.c                          ::          3.652  1851218179 
2017-05-25 10:23:10  x     PrintStreamJc.h                          ::          3.416  1037358074 
2018-08-26 10:46:55  x     ReflMemAccessJc.c                        ::         19.315  1950218341 
2017-03-19 22:57:24  x     ReflMemAccessJc.h                        ::         17.102  1703758467 
2018-08-30 10:45:23  x     ReflectionBasetypesJc.c                  ::         24.744 -1202543579 
2018-08-30 10:53:10  x     ReflectionJc.c                           ::         52.105 -1052174458 
2018-08-24 09:30:34  x     ReflectionJc.h                           ::         50.258 -1497925807 
2018-08-26 10:45:59  x     ReflectionLoadExtJc.c                    ::          5.503 -0827577845 
2018-08-28 21:21:24  x     StringBufferJc.c                         ::         43.988  1126840414 
2009-01-04 13:07:50  x     StringBufferJc.h                         ::          3.013 -1131073304 
2018-08-28 21:21:24  x     StringJc.c                               ::         20.913 -1095065819 
2018-08-28 21:21:24  x     StringJc.h                               ::         98.221  0561650560 
2011-01-25 20:37:58  x     StringJc_intern.h                        ::          2.845 -0295195136 
2010-11-13 07:56:06  x     StringValueConvJc.c                      ::          2.731  0805606851 
2018-08-26 10:45:30  x     SystemJc.c                               ::          7.537 -0897977491 
2017-03-23 23:04:55  x     SystemJc.h                               ::          3.602 -0159120463 
2017-03-19 21:40:36  x     SystemOutJc.c                            ::          1.798 -0719652219 
2018-08-26 10:45:21  x     ThreadJc.c                               ::          8.485 -1109293883 
2018-08-15 00:13:51  x     ThreadJc.h                               ::          7.984 -0990263074 
2018-08-26 10:45:10  x     TimeZoneJc.c                             ::          2.216  0249102837 
2018-08-12 01:22:04  x     TimeZoneJc.h                             ::          3.016 -2107422027 

============================== source/MsgDisp/ =====================================================
2018-08-26 10:46:48  x     LogMessageFile_MSG.c                     ::         51.223 -0346693606 
2018-08-26 10:47:16  x     LogMessageFile_MSG.h                     ::         14.665 -0686385282 
2018-08-26 10:46:48  x     MsgDispatcherCore_MSG.c                  ::         38.359  1080201787 
2018-08-26 10:47:16  x     MsgDispatcherCore_MSG.h                  ::         21.590  2140203857 
2018-08-26 10:47:16  x     MsgDispatcher_MSG.c                      ::         44.110 -0071794801 
2018-08-26 10:47:16  x     MsgDispatcher_MSG.h                      ::         11.451  0656594394 
2018-08-26 10:46:48  x     MsgText_ifc_MSG.c                        ::          7.732  1241082194 
2018-08-26 10:47:16  x     MsgText_ifc_MSG.h                        ::          7.013 -1774169800 

============================== source/OSAL/ ========================================================
2018-08-25 23:40:59  x     os_AtomicAccess.h                        ::          9.527  1030686024 
2010-09-10 21:15:58  x     os_ThreadContextInTable.ci               ::          5.267 -1751120483 
2018-08-25 10:45:11  x     os_common.c                              ::           .659  1066509476 
2018-08-21 17:05:10  x     os_endian.h                              ::          5.603 -0723927375 
2018-08-05 10:47:22  x     os_error.h                               ::          8.819 -1412630905 
2018-08-28 21:21:24  x     os_file.h                                ::         15.320  1974792113 
2017-02-19 21:39:20  x     os_mem.h                                 ::          2.531 -0540896505 
2018-08-09 11:12:18  x     os_sharedmem.h                           ::          4.774  0800053659 
2018-08-25 10:15:59  x     os_socket.h                              ::         14.997  1787931230 
2018-08-24 22:44:49  x     os_sync.h                                ::          5.637 -2044857941 
2018-08-24 00:04:15  x     os_thread.h                              ::          5.625  0128377811 
2018-08-23 13:17:08  x     os_time.h                                ::         12.548  0658854176 
2018-08-26 12:31:29  x     os_types_def_common.h                    ::          7.541  0744553425 
2009-02-17 23:33:10  x     os_waitnotify.h                          ::          1.955 -1897770393 

============================== source/appl_emC/ ====================================================
2018-08-26 10:46:48  x     ApplSimpleStop_emC.c                     ::          4.640 -1033451581 
2018-08-22 22:43:17  x     LogException_emC.c                       ::          3.175 -1588737225 
2018-08-25 10:40:50  x     ObjectJc_allocStartup_emC.c              ::          3.568 -0858446961 
2018-08-06 12:05:29  x     ObjectSimple_emc.c                       ::           .257 -0834587237 
2018-08-24 21:59:41  x     ThreadContextInterrTpl.c                 ::          1.191 -1173749432 
2018-08-25 10:11:17  x     ThreadContextMultiThreading_emC.c        ::          9.296 -0214575187 
2018-08-24 21:49:53  x     ThreadContextSimpleFromOsal.c            ::           .964  1471901757 
2018-08-26 11:10:52  x     ThreadContextStacktrc_emC.h              ::         11.121  1969228489 
2016-05-21 13:43:27  x     readme.txt                               ::           .154  0602405518 

============================== source/emC/ =========================================================
2018-08-09 11:12:18  x     Event_emC.c                              ::          3.066 -1964916759 
2018-08-09 11:12:18  x     Event_emC.h                              ::          4.391 -1762966148 
2018-08-24 12:34:39  x     ExcThCxtBase_emC.h                       ::         11.640  1706588966 
2018-08-28 21:21:24  x     Formatter_emC.c                          ::         38.572 -1408924265 
2018-08-18 09:23:28  x     Formatter_emC.h                          ::          7.581 -2018800305 
2018-08-09 11:20:03  x     Handle_ptr64_emC.c                       ::          7.445 -1602644143 
2017-10-06 14:59:19  x     Handle_ptr64_emC.h                       ::          5.935 -1573330035 
2018-08-26 10:47:16  x     LogMessage_emC.c                         ::         13.256 -0275978702 
2018-08-26 10:44:32  x     LogMessage_emC.h                         ::         16.440  0877564311 
2018-08-26 10:44:56  x     LogMsgStream_emC.c                       ::          9.977  1393981407 
2018-08-24 10:07:58  x     MemC_emC.c                               ::          5.153 -0193416529 
2018-08-10 19:45:03  x     MemC_emC.h                               ::         13.448 -0294802322 
2018-08-24 23:03:10  x     Memfree_ThreadAndBlockHeap.c             ::          1.169  1405249991 
2018-08-24 09:54:39  x     Object_emC.c                             ::         12.607  1361858661 
2018-08-30 10:47:43  x     Object_emC.h                             ::         77.088  0746835026 
2018-08-09 11:23:07  x     Readline_emC.c                           ::          2.388 -0594283497 
2018-08-09 11:12:18  x     Readline_emC.h                           ::           .992 -2018717166 
2018-08-30 10:41:36  x     ReflectionBaseTypes_emC.c                ::         23.803  1189431363 
2018-08-30 10:49:56  x     Reflection_emC.c                         ::          3.908 -0868335059 
2018-08-09 11:24:39  x     SimpleC_emC.c                            ::          2.906  1214521394 
2018-08-10 19:45:03  x     SimpleC_emC.h                            ::          8.672  1333519313 
2018-08-09 11:12:18  x     StateMachine_emC.h                       ::           .295 -1505924840 
2018-08-29 21:16:47  x     StringBase_emC.c                         ::          6.898 -0295802839 
2018-08-28 21:21:24  x     StringBuilder_emC.c                      ::         18.970 -0274924895 
2018-08-29 21:27:23  x     String_emC.c                             ::          7.335  0904015729 
2018-08-28 22:51:07  x     String_emC.h                             ::         64.319  0671691301 
2018-08-10 19:47:36  x     Time_emC.c                               ::           . 67 -0422915032 
2018-08-10 19:45:41  x     Time_emC.h                               ::          2.230  0741328220 
2018-08-09 11:12:18  x     Timeconversions_emC.c                    ::          7.087 -0823897295 
2018-08-09 11:12:18  x     Timeconversions_emC.h                    ::          6.752 -1557703428 
2018-08-26 10:47:16  x     VaArgBuffer_emC.c                        ::          6.999 -2068205266 
2018-08-10 19:40:57  x     VaArgBuffer_emC.h                        ::          3.178 -0094858006 
2014-01-10 23:38:45  x     Va_list_emC.h                            ::          2.367  1391122393 

============================== source/refl/ ========================================================
2018-08-09 10:13:58  x     Reflection_AllJc.c                       ::         30.747 -1360941304 
2016-10-02 18:39:49  x     Reflection_AllJc.h                       ::          4.428 -1492701228 
2018-08-10 21:57:48  x     Reflection_Fwc.c                         ::         17.672 -1509780772 
2018-08-09 11:12:18  x     Reflection_Fwc.h                         ::          1.394 -1110876516 
2016-10-23 13:07:56  x     Reflection_Ipc.c                         ::          5.100  1623355041 
2018-08-25 18:28:59  x     Reflection_OSAL.c                        ::         11.544  0818309616 
2018-08-26 10:47:16  x     Reflection_fw_Exception.c                ::         13.578 -0430599202 

============================== sourceApplSpecific/ ================================================

============================== sourceApplSpecific/applConv/ ========================================
2018-08-21 16:50:21  x     ExcThCxtStacksize.c                      ::           .760  0184220165 
2018-08-26 10:46:48  x     ExceptionPrintStacktrace_emC.c           ::          4.873 -1800928845 
2018-08-26 11:12:44  x     Exception_emC.c                          ::         10.365 -1312513118 
2018-08-25 10:28:51  x     Exception_emC.h                          ::         17.629 -0275699592 
2018-08-09 11:12:18  x     Simulink_emC.h                           ::           . 84 -1768481708 

============================== sourceSpecials/ ====================================================
2017-07-09 20:35:25  x     readme.txt                               ::           .109  0171292870 

============================== sourceSpecials/FwConv_c/ ============================================
2010-01-23 08:26:32  x     RemoteCpu_Dummy.c                        ::          2.816 -1927194993 
2011-01-01 12:53:52  x     UmlContainer_Dummy.c                     ::          3.051 -0749795306 
2011-08-14 07:46:18  x     fw_ThreadContextSimpleIntr.c             ::          1.090  0373171495 
2018-08-25 10:05:15  x     os_endian_x86.c                          ::          8.009 -1739898390 
2018-07-31 12:38:21  x     osal_FatalErrorPrintf_while0.c           ::          3.368  0748747489 
2016-05-21 13:43:27  x     readme.txt                               ::           .154  0602405518 
2018-08-09 11:12:18  x     stopAssert_Fwc_while0.c                  ::           .800  1379787514 

============================== sourceSpecials/TI_MSP430/ ===========================================
2018-08-23 13:09:56  x     os_time.c                                ::           .435 -1918313011 

============================== sourceSpecials/hw_Intel_x86_Gcc/ ====================================
2011-06-04 19:47:20  x     os_atomic.c                              ::          5.294  2145792397 

============================== sourceSpecials/os_LinuxGcc/ =========================================
2011-06-23 13:44:34  x     alignbyt.h                               ::           .371  1250077826 
2011-06-23 13:44:34  x     alignopt.h                               ::           .367 -0499917233 
2018-08-09 11:12:18  x     compl_adaption.h                         ::          9.550  1156978172 
2012-02-04 16:47:40  x     os_endian.c                              ::          7.701 -1378313940 
2011-06-04 19:47:54  x     os_error.c                               ::           . 23  1620298057 
2012-04-13 17:44:50  x     os_file.c                                ::          8.022 -0463605729 
2018-08-24 00:32:41  x     os_internal.h                            ::           .773  0584231527 
2010-09-05 09:02:00  x     os_mem.c                                 ::          2.256  1420344141 
2018-08-23 10:43:27  x     os_mutex.c                               ::          4.689 -1863036175 
2012-02-21 10:41:16  x     os_socket.c                              ::          9.907  1332229939 
2018-08-24 00:32:57  x     os_sync.c                                ::          5.803  1215472026 
2018-08-24 00:36:52  x     os_thread.c                              ::         20.577 -1050929575 
2012-04-11 08:22:28  x     os_time.c                                ::          3.897 -1137959154 

============================== sourceSpecials/os_Windows_64/ =======================================
2018-08-05 09:11:40  x     os_atomic.c                              ::          5.679 -1128039395 
2011-06-05 08:40:52  x     os_file.c                                ::          8.612 -0958726560 
2018-08-24 00:32:41  x     os_internal.h                            ::          1.339  0152464863 
2017-03-12 17:37:27  x     os_mem.c                                 ::          2.530 -0644614445 
2018-08-24 00:32:41  x     os_mutex.c                               ::          6.997 -0719988059 
2017-10-02 10:42:18  x     os_sharedmem.c                           ::          3.548  0649240340 
2018-03-08 22:18:16  x     os_socket.c                              ::         21.768 -1623408560 
2018-08-24 00:32:41  x     os_sync.c                                ::          7.312  0050973470 
2017-03-12 17:32:05  x     os_time.c                                ::          4.317  0325875754 

============================== sourceSpecials/os_Windows_Msc6/ =====================================
2018-07-29 10:15:55  x     readme.txt                               ::           .263 -1546654127 

============================== sourceSpecials/osal_Windows/ ========================================
2018-08-25 10:06:53  x     os_thread.c                              ::         21.968 -0729227094 

============================== sourceSpecials/osal_Windows32/ ======================================
2018-08-25 10:39:27  x     os_atomic.c                              ::          5.159  0137670641 
2011-06-05 08:40:52  x     os_file.c                                ::          8.612 -0958726560 
2018-08-24 00:36:26  x     os_internal.h                            ::          1.142 -0519529940 
2018-08-25 10:17:05  x     os_mem.c                                 ::          2.350 -1665331416 
2018-08-25 10:16:43  x     os_mutex.c                               ::          6.724 -2130080483 
2018-07-27 20:52:34  x     os_sharedmem.c                           ::          3.923  0414453526 
2018-08-25 10:15:46  x     os_socket.c                              ::         21.489 -0322834230 
2018-08-25 10:13:16  x     os_sync.c                                ::          7.443  1355000712 
2018-08-05 10:47:22  x     os_time.c                                ::          4.174  1045491148 

============================== sourceSpecials/osal_Windows_Msc15/ ==================================
2018-08-24 00:24:55  x     os_error.c                               ::          3.828 -0313033309 
2018-08-29 21:20:13  x     os_file.c                                ::          8.935  0539432272 
2018-07-30 12:33:22  x     os_fileLock.c                            ::           .157 -0434871081 
2018-08-28 21:21:24  x     os_fileWin15.c                           ::          9.132 -1366005742 
2018-08-25 10:06:37  x     os_time.c                                ::          4.760  1435457253 
2018-07-29 10:14:22  x     readme.txt                               ::           .217 -1390446463 

============================== stc/ ===============================================================
2016-10-16 21:58:38  x     Ipc.stc                                  ::          6.245  0070250567 
2012-04-13 17:04:10  x     readme.txt                               ::           .224  0165786984 

============================== stc/Fwc/ ============================================================
2012-04-10 09:02:02  x     fw_Exception.stc                         ::          1.781  0805255599 
2016-07-24 20:43:26  x     fw_LogMessage.stc                        ::          1.576 -1361676081 
2013-02-27 21:14:16  x     fw_VaArg.stc                             ::           .553 -1745105336 

============================== stc/Fwc/stcCmp/ =====================================================
2016-12-22 21:59:48  x     fw_Exception.stc                         ::          3.463  1771112906 
2016-12-22 21:59:49  x     fw_LogMessage.stc                        ::          1.644  0055569762 

============================== stc/InspcJ2c/ =======================================================
2016-12-22 15:20:54  x     AnswerComm_ifc_Inspc.stc                 ::           .545  1416904579 
2016-12-22 15:20:55  x     ClassContent_Inspc.stc                   ::          5.546  1762696109 
2016-12-22 15:20:56  x     CmdConsumer_ifc_Inspc.stc                ::           .840  1704480082 
2016-12-22 15:20:56  x     CmdExecuter_Inspc.stc                    ::          2.000 -0439946914 
2016-12-22 15:20:56  x     Comm_Inspc.stc                           ::          1.446 -0934959356 
2016-12-22 15:20:53  x     InspcDataExchangeAccess_Inspc.stc        ::         16.685 -1851769805 
2016-12-22 15:20:56  x     InspcDataInfo_Inspc.stc                  ::           .758  1587581654 
2016-12-22 15:20:56  x     Inspector_Inspc.stc                      ::          1.221  0792626921 
2016-12-22 15:20:56  x     SearchElement_Inspc.stc                  ::          1.924  0108817977 
2016-12-22 15:20:54  x     WorkingThread_Inspc.stc                  ::          4.769  2142313646 

============================== stc/Ipc2c/ ==========================================================
2016-12-22 21:52:02  x     InterProcessCommFactorySocket_Ipc.stc    ::          2.081  1644233254 
2016-12-22 21:59:50  x     InterProcessCommRxExec_Ipc.stc           ::           .993  0204348005 
2016-12-22 21:52:02  x     InterProcessCommRxThread_Ipc.stc         ::          3.713  0841238572 
2016-12-22 21:52:02  x     InterProcessCommRx_ifc_Ipc.stc           ::           .837 -0302269322 

============================== stc/J1c/ ============================================================
2016-12-21 16:26:38  x     ByteDataAccessBaseJc.stc                 ::          8.698  0562829424 
2016-12-21 12:25:23  x     InfoFormattedAppendJc.stc                ::          1.155  1377066733 
2016-12-21 12:25:23  x     LeapSecondsJc.stc                        ::          1.033  0772673898 
2016-12-21 12:25:24  x     SpecialCharStringsJc.stc                 ::           .569 -1024516051 
2016-12-21 12:26:13  x     StringFormatterJc.stc                    ::          6.600  2060375621 
2016-12-21 16:26:40  x     StringFunctionsJc.stc                    ::          5.384 -1285672592 
2016-12-21 12:25:24  x     StringFunctions_BJc.stc                  ::           .980  0460417047 
2016-12-21 12:25:30  x     StringFunctions_CJc.stc                  ::          1.544  2049769090 
2016-12-22 09:09:57  x     StringPartJc.stc                         ::         13.934  0395893094 
2016-12-21 12:26:13  x     StringPartScanJc.stc                     ::          4.784 -0854480482 

============================== stc/Jc/ =============================================================
2015-08-07 19:49:25  x     ArraysJc.stc                             ::          2.085  0593984016 
2016-09-04 09:17:47  x     AssertJc.stc                             ::           .835  2008491517 
2014-09-04 00:11:43  x     CharsetJc.stc                            ::           .481 -0025273273 
2013-02-26 18:35:56  x     CollectionJc.stc                         ::           .387 -1468295357 
2014-01-12 13:13:53  x     ConcurrentLinkedQueueJc.stc              ::          1.018 -0029072120 
2010-08-26 12:20:24  x     DateJc.stc                               ::           .629 -1692909214 
2016-06-26 23:30:19  x     FileIoJc.stc                             ::          2.957  1755661050 
2013-02-26 20:27:20  x     FileNioJc.stc                            ::           .517 -0737067667 
2011-06-05 07:59:46  x     FileSystemJc.stc                         ::           .467  2039121675 
2016-12-02 23:28:23  x     FormatterJc.stc                          ::          1.192 -1670141453 
2010-12-28 21:31:22  x     LinkedListJc.stc                         ::           .489 -0853339607 
2010-08-18 23:29:56  x     LocaleJc.stc                             ::           .345 -0551007091 
2016-12-21 16:24:51  x     MathJc.stc                               ::          1.437  1013181833 
2016-07-24 18:37:32  x     ObjectJc.stc                             ::          1.322  2052259012 
2010-12-05 18:45:16  x     ReflectionJc.stc                         ::          1.088  1493567397 
2015-08-07 21:15:50  x     ReflectionVishia.stc                     ::          6.160  0497666249 
2010-12-08 22:20:48  x     RunnableJc.stc                           ::           .347 -0981195894 
2016-09-10 22:58:11  x     StringBufferJc.stc                       ::          7.163  1326204225 
2016-09-10 22:58:23  x     StringBuilderJc.stc                      ::          7.357 -0828434355 
2014-09-05 23:39:52  x     SystemJc.stc                             ::          2.701  0062535622 
2014-01-10 23:42:32  x     ThreadJc.stc                             ::          1.381 -1254593799 
2010-08-18 23:32:14  x     TimeZoneJc.stc                           ::           .361 -1900055147 
2012-04-11 07:55:56  x     bridgeC.stc                              ::          2.488 -1541053365 
2016-09-10 22:36:52  x     javaLangTextJc.stc                       ::           .977  0002319890 

============================== stc/MsgDisp/ ========================================================
2016-12-21 08:58:51  x     LogMessageFile_MSG.stc                   ::          5.316 -0288537558 
2016-10-03 21:44:47  x     MsgDispatcherCore_MSG.stc                ::          7.384 -0991542205 
2016-12-21 16:20:54  x     MsgDispatcher_MSG.stc                    ::          6.000  2053831356 
2016-10-03 21:44:47  x     MsgText_ifc_MSG.stc                      ::          1.508  1314794246 

============================== tmp/ ===============================================================

============================== version/ ===========================================================
2016-12-29 22:56:44  x     RevisionDescription.txt                  ::         10.977 -0358915323 
2018-08-05 10:47:22  x     RevisionNotes.txt                        ::         41.964 -1979138287 
